2026-08-31 08:02:23,990 | INFO | [1/113] Scraping keyword: 'layanan publik masalah data'
2026-08-31 08:03:07,412 | INFO |   → 20 artikel ditemukan untuk 'layanan publik masalah data'
2026-08-31 08:03:08,706 | INFO | [2/113] Scraping keyword: 'pelayanan publik keluhan'
2026-08-31 08:03:57,389 | INFO |   → 20 artikel ditemukan untuk 'pelayanan publik keluhan'
2026-08-31 08:03:59,138 | INFO | [3/113] Scraping keyword: 'data kependudukan tidak sinkron'
2026-08-31 08:04:18,048 | INFO |   → 8 artikel ditemukan untuk 'data kependudukan tidak sinkron'
2026-08-31 08:04:20,420 | INFO | [4/113] Scraping keyword: 'NIK tidak terdaftar'
2026-08-31 08:05:02,125 | INFO |   → 20 artikel ditemukan untuk 'NIK tidak terdaftar'
2026-08-31 08:05:03,402 | INFO | [5/113] Scraping keyword: 'birokrasi berbelit'
2026-08-31 08:05:35,484 | INFO |   → 13 artikel ditemukan untuk 'birokrasi berbelit'
2026-08-31 08:05:37,365 | INFO | [6/113] Scraping keyword: 'layanan pemerintah susah'
2026-08-31 08:05:47,806 | INFO |   → 5 artikel ditemukan untuk 'layanan pemerintah susah'
2026-08-31 08:05:49,273 | INFO | [7/113] Scraping keyword: 'pelayanan publik digital error'
2026-08-31 08:05:59,173 | INFO |   → 4 artikel ditemukan untuk 'pelayanan publik digital error'
2026-08-31 08:06:00,289 | INFO | [8/113] Scraping keyword: 'administrasi kependudukan masalah'
2026-08-31 08:06:46,567 | INFO |   → 20 artikel ditemukan untuk 'administrasi kependudukan masalah'
2026-08-31 08:06:47,845 | INFO | [9/113] Scraping keyword: 'KTP elektronik masalah'
2026-08-31 08:06:54,862 | INFO |   → 3 artikel ditemukan untuk 'KTP elektronik masalah'
2026-08-31 08:06:57,326 | INFO | [10/113] Scraping keyword: 'data dukcapil tidak sinkron'
2026-08-31 08:07:06,424 | INFO |   → 4 artikel ditemukan untuk 'data dukcapil tidak sinkron'
2026-08-31 08:07:08,343 | INFO | [11/113] Scraping keyword: 'integrasi data pemerintah'
2026-08-31 08:07:53,192 | INFO |   → 20 artikel ditemukan untuk 'integrasi data pemerintah'
2026-08-31 08:07:54,244 | INFO | [12/113] Scraping keyword: 'satu data Indonesia masalah'
2026-08-31 08:08:09,240 | INFO | [1/28] Scraping keyword: 'rumah sakit data pasien kabupaten'
2026-08-31 08:08:13,989 | INFO |   → 2 artikel ditemukan untuk 'rumah sakit data pasien kabupaten'
2026-08-31 08:08:15,244 | INFO | [2/28] Scraping keyword: 'BPJS data tidak sinkron'
2026-08-31 08:08:22,123 | INFO |   → 2 artikel ditemukan untuk 'BPJS data tidak sinkron'
2026-08-31 08:08:24,778 | INFO | [3/28] Scraping keyword: 'NIK tidak terdaftar BPJS'
2026-08-31 08:08:30,077 | INFO |   → 2 artikel ditemukan untuk 'NIK tidak terdaftar BPJS'
2026-08-31 08:08:32,502 | INFO | [4/28] Scraping keyword: 'rumah sakit kabupaten kota kualitas'
2026-08-31 08:08:37,907 | INFO |   → 2 artikel ditemukan untuk 'rumah sakit kabupaten kota kualitas'
2026-08-31 08:08:40,427 | INFO | [5/28] Scraping keyword: 'RS daerah fasilitas kurang'
2026-08-31 08:08:44,876 | INFO |   → 2 artikel ditemukan untuk 'RS daerah fasilitas kurang'
2026-08-31 08:08:46,225 | INFO | [6/28] Scraping keyword: 'rujukan BPJS rumah sakit'
2026-08-31 08:08:51,191 | INFO |   → 2 artikel ditemukan untuk 'rujukan BPJS rumah sakit'
2026-08-31 08:08:52,894 | INFO | [7/28] Scraping keyword: 'antrian rumah sakit BPJS'
2026-08-31 08:08:58,169 | INFO |   → 2 artikel ditemukan untuk 'antrian rumah sakit BPJS'
2026-08-31 08:08:59,606 | INFO | [8/28] Scraping keyword: 'pemeriksaan kesehatan gratis data'
2026-08-31 08:09:03,529 | INFO |   → 2 artikel ditemukan untuk 'pemeriksaan kesehatan gratis data'
2026-08-31 08:09:05,019 | INFO | [9/28] Scraping keyword: 'cek kesehatan gratis NIK'
2026-08-31 08:09:10,413 | INFO |   → 2 artikel ditemukan untuk 'cek kesehatan gratis NIK'
2026-08-31 08:09:11,512 | INFO | [10/28] Scraping keyword: 'screening kesehatan data kependudukan'
2026-08-31 08:09:15,693 | INFO |   → 2 artikel ditemukan untuk 'screening kesehatan data kependudukan'
2026-08-31 08:09:17,144 | INFO | [11/28] Scraping keyword: 'pemeriksaan gratis puskesmas'
2026-08-31 08:09:21,143 | INFO |   → 2 artikel ditemukan untuk 'pemeriksaan gratis puskesmas'
2026-08-31 08:09:23,274 | INFO | [12/28] Scraping keyword: 'layanan kesehatan gratis syarat'
2026-08-31 08:09:28,096 | INFO |   → 2 artikel ditemukan untuk 'layanan kesehatan gratis syarat'
2026-08-31 08:09:29,236 | INFO | [13/28] Scraping keyword: 'TBC data kesehatan'
2026-08-31 08:09:33,581 | INFO |   → 2 artikel ditemukan untuk 'TBC data kesehatan'
2026-08-31 08:09:35,982 | INFO | [14/28] Scraping keyword: 'tuberkulosis pendataan'
2026-08-31 08:09:42,252 | INFO |   → 2 artikel ditemukan untuk 'tuberkulosis pendataan'
2026-08-31 08:09:43,781 | INFO | [15/28] Scraping keyword: 'TBC Indonesia program'
2026-08-31 08:09:48,143 | INFO |   → 2 artikel ditemukan untuk 'TBC Indonesia program'
2026-08-31 08:09:49,151 | INFO | [16/28] Scraping keyword: 'pengobatan TBC gratis'
2026-08-31 08:09:54,419 | INFO |   → 2 artikel ditemukan untuk 'pengobatan TBC gratis'
2026-08-31 08:09:57,028 | INFO | [17/28] Scraping keyword: 'eliminasi TBC data'
2026-08-31 08:10:03,271 | INFO |   → 2 artikel ditemukan untuk 'eliminasi TBC data'
2026-08-31 08:10:05,140 | INFO | [18/28] Scraping keyword: 'data rumah sakit tidak lengkap'
2026-08-31 08:10:09,672 | INFO |   → 2 artikel ditemukan untuk 'data rumah sakit tidak lengkap'
2026-08-31 08:10:10,973 | INFO | [19/28] Scraping keyword: 'rekam medis pindah RS'
2026-08-31 08:10:14,266 | INFO |   → 1 artikel ditemukan untuk 'rekam medis pindah RS'
2026-08-31 08:10:17,220 | INFO | [20/28] Scraping keyword: 'pindah rumah sakit data pasien'
2026-08-31 08:10:19,469 | INFO | [1/113] Scraping keyword: 'layanan publik masalah data'
2026-08-31 08:10:20,476 | INFO |   → 2 artikel ditemukan untuk 'pindah rumah sakit data pasien'
2026-08-31 08:10:21,857 | INFO | [21/28] Scraping keyword: 'data RS tidak terintegrasi'
2026-08-31 08:10:26,301 | INFO |   → 2 artikel ditemukan untuk 'data RS tidak terintegrasi'
2026-08-31 08:10:27,742 | INFO | [22/28] Scraping keyword: 'riwayat medis hilang'
2026-08-31 08:10:33,400 | INFO |   → 2 artikel ditemukan untuk 'riwayat medis hilang'
2026-08-31 08:10:35,849 | INFO | [23/28] Scraping keyword: 'rekam medis elektronik'
2026-08-31 08:12:11,537 | WARNING | Error fetch https://news.google.com/rss/articles/CBMitwFBVV95cUxOVXJZN0lNd3FoNUdtZXhoa1l3T0VXaHdUb2dXczMwek5DREc2b2NJRkJfQVVGQllOdHY1Mk52dmJwUDBTZ0IwZ1A5UUNYVm55WnAtUWlhX2tZR3FKYkZzdGNxUmZBcWhYSFhBcE5rMDgyT18wa0QwY1dCMGI4XzV2bG9FcllyOUYxOHV2QzdmZVpQaE9qRE82MWJLYktSS1RJZjBqVVlaRFI1YVk3OFU5U0pQQURJaTg?oc=5: HTTPSConnectionPool(host='news.google.com', port=443): Read timed out. (read timeout=30) (percobaan 1/3)
2026-08-31 08:12:11,982 | WARNING | Error fetch https://news.google.com/rss/articles/CBMinwFBVV95cUxPTDRnbmg1Z214NHRmY3ZxdzRxTTZuNXpoMDNORHk5OURId3pyeTdLT200WUw5bVo5Q2hPUWEtdFpLaEowV2VSb0hIRDlpMWlPQnhUeHNiQjFsNFBXT3FWY3dEZUY0cUlLYW4tcDlLbE9FdFpfcTVlQmplYV8zSzQ0UzZDTzVOcTE1MHp4SkxfQlo3YnM3SHptTUdlWjhyRHM?oc=5: HTTPSConnectionPool(host='news.google.com', port=443): Read timed out. (read timeout=30) (percobaan 1/3)
2026-08-31 08:12:16,466 | WARNING | Error fetch https://news.google.com/rss/articles/CBMitwFBVV95cUxOVXJZN0lNd3FoNUdtZXhoa1l3T0VXaHdUb2dXczMwek5DREc2b2NJRkJfQVVGQllOdHY1Mk52dmJwUDBTZ0IwZ1A5UUNYVm55WnAtUWlhX2tZR3FKYkZzdGNxUmZBcWhYSFhBcE5rMDgyT18wa0QwY1dCMGI4XzV2bG9FcllyOUYxOHV2QzdmZVpQaE9qRE82MWJLYktSS1RJZjBqVVlaRFI1YVk3OFU5U0pQQURJaTg?oc=5: HTTPSConnectionPool(host='news.google.com', port=443): Max retries exceeded with url: /rss/articles/CBMitwFBVV95cUxOVXJZN0lNd3FoNUdtZXhoa1l3T0VXaHdUb2dXczMwek5DREc2b2NJRkJfQVVGQllOdHY1Mk52dmJwUDBTZ0IwZ1A5UUNYVm55WnAtUWlhX2tZR3FKYkZzdGNxUmZBcWhYSFhBcE5rMDgyT18wa0QwY1dCMGI4XzV2bG9FcllyOUYxOHV2QzdmZVpQaE9qRE82MWJLYktSS1RJZjBqVVlaRFI1YVk3OFU5U0pQQURJaTg?oc=5 (Caused by NameResolutionError("HTTPSConnection(host='news.google.com', port=443): Failed to resolve 'news.google.com' ([Errno 8] nodename nor servname provided, or not known)")) (percobaan 2/3)
2026-08-31 08:12:16,545 | WARNING | Error fetch https://news.google.com/rss/articles/CBMinwFBVV95cUxPTDRnbmg1Z214NHRmY3ZxdzRxTTZuNXpoMDNORHk5OURId3pyeTdLT200WUw5bVo5Q2hPUWEtdFpLaEowV2VSb0hIRDlpMWlPQnhUeHNiQjFsNFBXT3FWY3dEZUY0cUlLYW4tcDlLbE9FdFpfcTVlQmplYV8zSzQ0UzZDTzVOcTE1MHp4SkxfQlo3YnM3SHptTUdlWjhyRHM?oc=5: HTTPSConnectionPool(host='news.google.com', port=443): Max retries exceeded with url: /rss/articles/CBMinwFBVV95cUxPTDRnbmg1Z214NHRmY3ZxdzRxTTZuNXpoMDNORHk5OURId3pyeTdLT200WUw5bVo5Q2hPUWEtdFpLaEowV2VSb0hIRDlpMWlPQnhUeHNiQjFsNFBXT3FWY3dEZUY0cUlLYW4tcDlLbE9FdFpfcTVlQmplYV8zSzQ0UzZDTzVOcTE1MHp4SkxfQlo3YnM3SHptTUdlWjhyRHM?oc=5 (Caused by NameResolutionError("HTTPSConnection(host='news.google.com', port=443): Failed to resolve 'news.google.com' ([Errno 8] nodename nor servname provided, or not known)")) (percobaan 2/3)
2026-08-31 08:12:22,105 | WARNING | Error fetch https://news.google.com/rss/articles/CBMinwFBVV95cUxPTDRnbmg1Z214NHRmY3ZxdzRxTTZuNXpoMDNORHk5OURId3pyeTdLT200WUw5bVo5Q2hPUWEtdFpLaEowV2VSb0hIRDlpMWlPQnhUeHNiQjFsNFBXT3FWY3dEZUY0cUlLYW4tcDlLbE9FdFpfcTVlQmplYV8zSzQ0UzZDTzVOcTE1MHp4SkxfQlo3YnM3SHptTUdlWjhyRHM?oc=5: HTTPSConnectionPool(host='news.google.com', port=443): Max retries exceeded with url: /rss/articles/CBMinwFBVV95cUxPTDRnbmg1Z214NHRmY3ZxdzRxTTZuNXpoMDNORHk5OURId3pyeTdLT200WUw5bVo5Q2hPUWEtdFpLaEowV2VSb0hIRDlpMWlPQnhUeHNiQjFsNFBXT3FWY3dEZUY0cUlLYW4tcDlLbE9FdFpfcTVlQmplYV8zSzQ0UzZDTzVOcTE1MHp4SkxfQlo3YnM3SHptTUdlWjhyRHM?oc=5 (Caused by NameResolutionError("HTTPSConnection(host='news.google.com', port=443): Failed to resolve 'news.google.com' ([Errno 8] nodename nor servname provided, or not known)")) (percobaan 3/3)
2026-08-31 08:12:23,186 | WARNING | Error fetch https://news.google.com/rss/articles/CBMitwFBVV95cUxOVXJZN0lNd3FoNUdtZXhoa1l3T0VXaHdUb2dXczMwek5DREc2b2NJRkJfQVVGQllOdHY1Mk52dmJwUDBTZ0IwZ1A5UUNYVm55WnAtUWlhX2tZR3FKYkZzdGNxUmZBcWhYSFhBcE5rMDgyT18wa0QwY1dCMGI4XzV2bG9FcllyOUYxOHV2QzdmZVpQaE9qRE82MWJLYktSS1RJZjBqVVlaRFI1YVk3OFU5U0pQQURJaTg?oc=5: HTTPSConnectionPool(host='news.google.com', port=443): Max retries exceeded with url: /rss/articles/CBMitwFBVV95cUxOVXJZN0lNd3FoNUdtZXhoa1l3T0VXaHdUb2dXczMwek5DREc2b2NJRkJfQVVGQllOdHY1Mk52dmJwUDBTZ0IwZ1A5UUNYVm55WnAtUWlhX2tZR3FKYkZzdGNxUmZBcWhYSFhBcE5rMDgyT18wa0QwY1dCMGI4XzV2bG9FcllyOUYxOHV2QzdmZVpQaE9qRE82MWJLYktSS1RJZjBqVVlaRFI1YVk3OFU5U0pQQURJaTg?oc=5 (Caused by NameResolutionError("HTTPSConnection(host='news.google.com', port=443): Failed to resolve 'news.google.com' ([Errno 8] nodename nor servname provided, or not known)")) (percobaan 3/3)
2026-08-31 08:13:25,933 | ERROR | Gagal fetch https://news.google.com/rss/articles/CBMinwFBVV95cUxPTDRnbmg1Z214NHRmY3ZxdzRxTTZuNXpoMDNORHk5OURId3pyeTdLT200WUw5bVo5Q2hPUWEtdFpLaEowV2VSb0hIRDlpMWlPQnhUeHNiQjFsNFBXT3FWY3dEZUY0cUlLYW4tcDlLbE9FdFpfcTVlQmplYV8zSzQ0UzZDTzVOcTE1MHp4SkxfQlo3YnM3SHptTUdlWjhyRHM?oc=5 setelah 3 percobaan
2026-08-31 08:13:25,934 | INFO |   → 2 artikel ditemukan untuk 'rekam medis elektronik'
2026-08-31 08:13:27,015 | ERROR | Gagal fetch https://news.google.com/rss/articles/CBMitwFBVV95cUxOVXJZN0lNd3FoNUdtZXhoa1l3T0VXaHdUb2dXczMwek5DREc2b2NJRkJfQVVGQllOdHY1Mk52dmJwUDBTZ0IwZ1A5UUNYVm55WnAtUWlhX2tZR3FKYkZzdGNxUmZBcWhYSFhBcE5rMDgyT18wa0QwY1dCMGI4XzV2bG9FcllyOUYxOHV2QzdmZVpQaE9qRE82MWJLYktSS1RJZjBqVVlaRFI1YVk3OFU5U0pQQURJaTg?oc=5 setelah 3 percobaan
2026-08-31 08:13:27,598 | INFO | [24/28] Scraping keyword: 'obat distribusi data'
2026-08-31 08:13:27,622 | WARNING | Feed error untuk 'obat distribusi data': <urlopen error [Errno 8] nodename nor servname provided, or not known>
2026-08-31 08:13:27,623 | INFO | [25/28] Scraping keyword: 'alat kesehatan ketersediaan'
2026-08-31 08:13:27,637 | WARNING | Feed error untuk 'alat kesehatan ketersediaan': <urlopen error [Errno 8] nodename nor servname provided, or not known>
2026-08-31 08:13:27,637 | INFO | [26/28] Scraping keyword: 'obat kosong rumah sakit'
2026-08-31 08:13:27,661 | WARNING | Feed error untuk 'obat kosong rumah sakit': <urlopen error [Errno 8] nodename nor servname provided, or not known>
2026-08-31 08:13:27,661 | INFO | [27/28] Scraping keyword: 'distribusi obat daerah'
2026-08-31 08:13:27,678 | WARNING | Feed error untuk 'distribusi obat daerah': <urlopen error [Errno 8] nodename nor servname provided, or not known>
2026-08-31 08:13:27,678 | INFO | [28/28] Scraping keyword: 'ketersediaan alkes puskesmas'
2026-08-31 08:13:27,690 | WARNING | Feed error untuk 'ketersediaan alkes puskesmas': <urlopen error [Errno 8] nodename nor servname provided, or not known>
2026-08-31 08:13:27,690 | INFO | Total: 45 artikel dari Google News
2026-08-31 08:13:28,803 | WARNING | Error fetch https://news.google.com/rss/articles/CBMinwFBVV95cUxQdk9hdl9iLXV6LXFSWWp0MWpiYjNmaEZlMGF3Xy02Z2JhTFhfUloyX1hIVTQzcko0VWwxZXJ6Tm5RRzNaX3VmbVBKeXVXaW4tMVBJeWhTYXBhRDllM3BDS3o0WDBlUHFFM3ZLWVFNcHB1Qm03T1dDMm9PT01wSmIyRjdiVU9DNmdneEx4TGRKZ19fc01BbXI5UEFyZWo4VXM?oc=5: HTTPSConnectionPool(host='news.google.com', port=443): Max retries exceeded with url: /rss/articles/CBMinwFBVV95cUxQdk9hdl9iLXV6LXFSWWp0MWpiYjNmaEZlMGF3Xy02Z2JhTFhfUloyX1hIVTQzcko0VWwxZXJ6Tm5RRzNaX3VmbVBKeXVXaW4tMVBJeWhTYXBhRDllM3BDS3o0WDBlUHFFM3ZLWVFNcHB1Qm03T1dDMm9PT01wSmIyRjdiVU9DNmdneEx4TGRKZ19fc01BbXI5UEFyZWo4VXM?oc=5 (Caused by NameResolutionError("HTTPSConnection(host='news.google.com', port=443): Failed to resolve 'news.google.com' ([Errno 8] nodename nor servname provided, or not known)")) (percobaan 1/3)
2026-08-31 08:13:33,188 | WARNING | Error fetch https://news.google.com/rss/articles/CBMinwFBVV95cUxQdk9hdl9iLXV6LXFSWWp0MWpiYjNmaEZlMGF3Xy02Z2JhTFhfUloyX1hIVTQzcko0VWwxZXJ6Tm5RRzNaX3VmbVBKeXVXaW4tMVBJeWhTYXBhRDllM3BDS3o0WDBlUHFFM3ZLWVFNcHB1Qm03T1dDMm9PT01wSmIyRjdiVU9DNmdneEx4TGRKZ19fc01BbXI5UEFyZWo4VXM?oc=5: HTTPSConnectionPool(host='news.google.com', port=443): Max retries exceeded with url: /rss/articles/CBMinwFBVV95cUxQdk9hdl9iLXV6LXFSWWp0MWpiYjNmaEZlMGF3Xy02Z2JhTFhfUloyX1hIVTQzcko0VWwxZXJ6Tm5RRzNaX3VmbVBKeXVXaW4tMVBJeWhTYXBhRDllM3BDS3o0WDBlUHFFM3ZLWVFNcHB1Qm03T1dDMm9PT01wSmIyRjdiVU9DNmdneEx4TGRKZ19fc01BbXI5UEFyZWo4VXM?oc=5 (Caused by NameResolutionError("HTTPSConnection(host='news.google.com', port=443): Failed to resolve 'news.google.com' ([Errno 8] nodename nor servname provided, or not known)")) (percobaan 2/3)
2026-08-31 08:13:38,512 | WARNING | Error fetch https://news.google.com/rss/articles/CBMinwFBVV95cUxQdk9hdl9iLXV6LXFSWWp0MWpiYjNmaEZlMGF3Xy02Z2JhTFhfUloyX1hIVTQzcko0VWwxZXJ6Tm5RRzNaX3VmbVBKeXVXaW4tMVBJeWhTYXBhRDllM3BDS3o0WDBlUHFFM3ZLWVFNcHB1Qm03T1dDMm9PT01wSmIyRjdiVU9DNmdneEx4TGRKZ19fc01BbXI5UEFyZWo4VXM?oc=5: HTTPSConnectionPool(host='news.google.com', port=443): Max retries exceeded with url: /rss/articles/CBMinwFBVV95cUxQdk9hdl9iLXV6LXFSWWp0MWpiYjNmaEZlMGF3Xy02Z2JhTFhfUloyX1hIVTQzcko0VWwxZXJ6Tm5RRzNaX3VmbVBKeXVXaW4tMVBJeWhTYXBhRDllM3BDS3o0WDBlUHFFM3ZLWVFNcHB1Qm03T1dDMm9PT01wSmIyRjdiVU9DNmdneEx4TGRKZ19fc01BbXI5UEFyZWo4VXM?oc=5 (Caused by NameResolutionError("HTTPSConnection(host='news.google.com', port=443): Failed to resolve 'news.google.com' ([Errno 8] nodename nor servname provided, or not known)")) (percobaan 3/3)
2026-08-31 08:13:46,515 | ERROR | Gagal fetch https://news.google.com/rss/articles/CBMinwFBVV95cUxQdk9hdl9iLXV6LXFSWWp0MWpiYjNmaEZlMGF3Xy02Z2JhTFhfUloyX1hIVTQzcko0VWwxZXJ6Tm5RRzNaX3VmbVBKeXVXaW4tMVBJeWhTYXBhRDllM3BDS3o0WDBlUHFFM3ZLWVFNcHB1Qm03T1dDMm9PT01wSmIyRjdiVU9DNmdneEx4TGRKZ19fc01BbXI5UEFyZWo4VXM?oc=5 setelah 3 percobaan
2026-08-31 08:13:47,551 | WARNING | Error fetch https://news.google.com/rss/articles/CBMinAFBVV95cUxPZElvZXdVZEd3NDhtOHVpejZ6UHlxb1ViczRPUEhFR05mNXRWamRNWWV5WVR1Zk9zcV9RWGctamt5Uk5PNmhFSHU4REVwTENXanhHWUdMX2c0VG4weTc2Rmw4R0c4LXdXTnhrUVhyTlFPSmJKeEt4NHg5akxoamt2NndfU2VfQ3dFcTRaa3VjdjFmWHdOYVJLRnBVY0E?oc=5: HTTPSConnectionPool(host='news.google.com', port=443): Max retries exceeded with url: /rss/articles/CBMinAFBVV95cUxPZElvZXdVZEd3NDhtOHVpejZ6UHlxb1ViczRPUEhFR05mNXRWamRNWWV5WVR1Zk9zcV9RWGctamt5Uk5PNmhFSHU4REVwTENXanhHWUdMX2c0VG4weTc2Rmw4R0c4LXdXTnhrUVhyTlFPSmJKeEt4NHg5akxoamt2NndfU2VfQ3dFcTRaa3VjdjFmWHdOYVJLRnBVY0E?oc=5 (Caused by NameResolutionError("HTTPSConnection(host='news.google.com', port=443): Failed to resolve 'news.google.com' ([Errno 8] nodename nor servname provided, or not known)")) (percobaan 1/3)
2026-08-31 08:14:11,869 | INFO |   → 20 artikel ditemukan untuk 'layanan publik masalah data'
2026-08-31 08:14:14,585 | INFO | [2/113] Scraping keyword: 'pelayanan publik keluhan'
2026-08-31 08:15:01,197 | INFO |   → 20 artikel ditemukan untuk 'pelayanan publik keluhan'
2026-08-31 08:15:02,381 | INFO | [3/113] Scraping keyword: 'data kependudukan tidak sinkron'
2026-08-31 08:15:20,247 | INFO |   → 7 artikel ditemukan untuk 'data kependudukan tidak sinkron'
2026-08-31 08:15:21,754 | INFO | [4/113] Scraping keyword: 'NIK tidak terdaftar'
2026-08-31 08:16:07,922 | INFO |   → 20 artikel ditemukan untuk 'NIK tidak terdaftar'
2026-08-31 08:16:10,899 | INFO | [5/113] Scraping keyword: 'birokrasi berbelit'
2026-08-31 08:16:44,140 | INFO |   → 13 artikel ditemukan untuk 'birokrasi berbelit'
2026-08-31 08:16:46,332 | INFO | [6/113] Scraping keyword: 'layanan pemerintah susah'
2026-08-31 08:17:02,417 | INFO |   → 6 artikel ditemukan untuk 'layanan pemerintah susah'
2026-08-31 08:17:04,112 | INFO | [7/113] Scraping keyword: 'pelayanan publik digital error'
2026-08-31 08:17:13,758 | INFO |   → 4 artikel ditemukan untuk 'pelayanan publik digital error'
2026-08-31 08:17:16,125 | INFO | [8/113] Scraping keyword: 'administrasi kependudukan masalah'
2026-08-31 08:18:03,989 | INFO |   → 20 artikel ditemukan untuk 'administrasi kependudukan masalah'
2026-08-31 08:18:06,194 | INFO | [9/113] Scraping keyword: 'KTP elektronik masalah'
2026-08-31 08:18:14,453 | INFO |   → 3 artikel ditemukan untuk 'KTP elektronik masalah'
2026-08-31 08:18:16,583 | INFO | [10/113] Scraping keyword: 'data dukcapil tidak sinkron'
2026-08-31 08:18:25,362 | INFO |   → 4 artikel ditemukan untuk 'data dukcapil tidak sinkron'
2026-08-31 08:18:27,446 | INFO | [11/113] Scraping keyword: 'integrasi data pemerintah'
2026-08-31 08:19:07,024 | INFO |   → 20 artikel ditemukan untuk 'integrasi data pemerintah'
2026-08-31 08:19:08,242 | INFO | [12/113] Scraping keyword: 'satu data Indonesia masalah'
2026-08-31 08:20:03,339 | INFO |   → 20 artikel ditemukan untuk 'satu data Indonesia masalah'
2026-08-31 08:20:05,643 | INFO | [13/113] Scraping keyword: 'pelayanan publik daerah'
2026-08-31 08:20:53,656 | INFO |   → 20 artikel ditemukan untuk 'pelayanan publik daerah'
2026-08-31 08:20:55,765 | INFO | [14/113] Scraping keyword: 'pelayanan publik pusat'
2026-08-31 08:21:48,807 | INFO |   → 20 artikel ditemukan untuk 'pelayanan publik pusat'
2026-08-31 08:21:51,269 | INFO | [15/113] Scraping keyword: 'rumah sakit data pasien kabupaten'
2026-08-31 08:22:08,647 | INFO | [1/113] Scraping keyword: 'layanan publik masalah data'
2026-08-31 08:23:57,467 | INFO |   → 50 artikel ditemukan untuk 'layanan publik masalah data'
2026-08-31 08:23:58,577 | INFO | [2/113] Scraping keyword: 'pelayanan publik keluhan'
2026-08-31 08:25:40,786 | INFO |   → 50 artikel ditemukan untuk 'pelayanan publik keluhan'
2026-08-31 08:25:42,500 | INFO | [3/113] Scraping keyword: 'data kependudukan tidak sinkron'
2026-08-31 08:27:20,352 | INFO |   → 46 artikel ditemukan untuk 'data kependudukan tidak sinkron'
2026-08-31 08:27:22,070 | INFO | [4/113] Scraping keyword: 'NIK tidak terdaftar'
2026-08-31 08:29:17,723 | INFO |   → 50 artikel ditemukan untuk 'NIK tidak terdaftar'
2026-08-31 08:29:20,261 | INFO | [5/113] Scraping keyword: 'birokrasi berbelit'
2026-08-31 08:31:12,938 | INFO |   → 50 artikel ditemukan untuk 'birokrasi berbelit'
2026-08-31 08:31:15,402 | INFO | [6/113] Scraping keyword: 'layanan pemerintah susah'
